[ahlikaca.netlify.app/index.html]
[backblue.gif]
[fade.gif]
[index.html]
[ahlikaca.netlify.app/wp-content/uploads/elementor/thumbs/Kaca-Tempered-nlgolp0v4jll9jze1fa1ip5e9gm1z7ym4pu7c5z2h0.jpg]
[ahlikaca.netlify.app/wp-content/uploads/elementor/thumbs/Kaca-Cermin-nlgomj3p78qrl2rp5sa3qhk59shstja0wupqp0qgxw.jpg]
[ahlikaca.netlify.app/wp-content/uploads/elementor/thumbs/Partisi-Kaca-nlgonqc9xmdyf50w5ayxx6nclikonm1oesq2rqyczo.jpg]
[ahlikaca.netlify.app/wp-content/uploads/elementor/thumbs/Kaca-Shower-nlgp7qcncprlgfz1cy75z4yfmnzufrg2hsg0dpaslg.jpg]
[ahlikaca.netlify.app/wp-content/uploads/elementor/thumbs/Kanopi-Kaca-nlgp8cwrwqmh7329p7y7mz9hvwwnkhxmkw3nwcdcg4.jpg]
[ahlikaca.netlify.app/wp-content/uploads/elementor/thumbs/Kubikel-Toilet-nlgp8r0cr95s18hsew1m6dpesoz5ryhlmtvy3hsfus.jpg]
[ahlikaca.netlify.app/wp-content/uploads/elementor/thumbs/Maintenance-Kaca-nlgp9bosxly34nnr24zep8hjv658harp1o8mnkxs1w.jpg]
[ahlikaca.netlify.app/wp-content/uploads/elementor/thumbs/Pintu-Kaca-nlgp9tjqjgmj98xt5upbilzb5hp7jjqlg4muru7aro.jpg]
[ahlikaca.netlify.app/wp-content/uploads/elementor/thumbs/Pintu-Lipat-Kaca-nlgpbncftv4ltya8hn57d5dkqgowiczt16aud7hqo4.jpg]
[ahlikaca.netlify.app/wp-content/uploads/elementor/thumbs/Railing-Kaca-nlgpcspc6kp80sm5s50seuxuvf11x1jzuv07hdsf2c.jpg]
[ahlikaca.netlify.app/wp-content/uploads/2018/02/kaca-bangunan-768x510.jpg]
[ahlikaca.netlify.app/wp-content/plugins/contact-form-7/includes/css/styles5597.css]
[ahlikaca.netlify.app/wp-content/plugins/easy-facebook-likebox/public/assets/css/public8f76.css]
[ahlikaca.netlify.app/wp-content/plugins/easy-facebook-likebox/public/assets/css/font-awesome8f76.css]
[ahlikaca.netlify.app/wp-content/plugins/easy-facebook-likebox/public/assets/css/animate8f76.css]
[ahlikaca.netlify.app/wp-content/plugins/easy-facebook-likebox/public/assets/popup/magnific-popup8f76.css]
[ahlikaca.netlify.app/wp-content/themes/krystal/stylecbf4.css]
[ahlikaca.netlify.app/wp-content/themes/krystal/css/bootstrap7433.css]
[ahlikaca.netlify.app/wp-content/themes/krystal/css/font-awesome4698.css]
[ahlikaca.netlify.app/wp-content/themes/krystal/css/magnific-popupf488.css]
[ahlikaca.netlify.app/wp-content/themes/krystal/css/animate5152.css]
[ahlikaca.netlify.app/wp-content/themes/krystal/css/jquery.mCustomScrollbar5152.css]
[ahlikaca.netlify.app/wp-content/themes/krystal/css/krystal-style97de.css]
[ahlikaca.netlify.app/wp-content/themes/krystal/css/krystal-style-responsive97de.css]
[ahlikaca.netlify.app/wp-content/plugins/elementor/assets/lib/eicons/css/elementor-icons.minc801.css]
[ahlikaca.netlify.app/wp-content/plugins/elementor/assets/lib/font-awesome/css/font-awesome.min1849.css]
[ahlikaca.netlify.app/wp-content/plugins/elementor/assets/css/animations.minc801.css]
[ahlikaca.netlify.app/wp-content/plugins/elementor/assets/css/frontend.minc801.css]
[ahlikaca.netlify.app/wp-content/uploads/elementor/css/globalac86.css]
[ahlikaca.netlify.app/wp-content/uploads/elementor/css/post-98ce7b.css]
[ahlikaca.netlify.app/wp-includes/js/jquery/jqueryb8ff.js]
[ahlikaca.netlify.app/wp-includes/js/jquery/jquery-migrate.min330a.js]
[ahlikaca.netlify.app/wp-content/plugins/easy-facebook-likebox/public/assets/popup/jquery.magnific-popup.min8f76.js]
[ahlikaca.netlify.app/wp-content/plugins/easy-facebook-likebox/public/assets/js/jquery.cookie8f76.js]
[ahlikaca.netlify.app/wp-content/plugins/easy-facebook-likebox/public/assets/js/public8f76.js]
[ahlikaca.netlify.app/wp-content/uploads/2018/02/logo-dis.png]
[ahlikaca.netlify.app/wp-content/plugins/contact-form-7/includes/js/scripts5597.js]
[ahlikaca.netlify.app/wp-content/plugins/page-generator-pro/assets/js/min/frontend-min0322.js]
[ahlikaca.netlify.app/wp-content/themes/krystal/js/bootstrap7433.js]
[ahlikaca.netlify.app/wp-content/themes/krystal/js/jquery.easing.1.34e44.js]
[ahlikaca.netlify.app/wp-content/themes/krystal/js/modernizr61da.js]
[ahlikaca.netlify.app/wp-content/themes/krystal/js/parallax1159.js]
[ahlikaca.netlify.app/wp-content/themes/krystal/js/jquery.magnific-popupf488.js]
[ahlikaca.netlify.app/wp-content/themes/krystal/js/krystal-main97de.js]
[ahlikaca.netlify.app/wp-includes/js/wp-embed.mincbf4.js]
[ahlikaca.netlify.app/wp-content/plugins/elementor/assets/lib/jquery-numerator/jquery-numerator.min3958.js]
[ahlikaca.netlify.app/wp-includes/js/jquery/ui/position.mine899.js]
[ahlikaca.netlify.app/wp-content/plugins/elementor/assets/lib/dialog/dialog.minbfce.js]
[ahlikaca.netlify.app/wp-content/plugins/elementor/assets/lib/waypoints/waypoints.min05da.js]
[ahlikaca.netlify.app/wp-content/plugins/elementor/assets/lib/swiper/swiper.jquery.minccfb.js]
[ahlikaca.netlify.app/index.html]
[ahlikaca.netlify.app/wp-content/plugins/elementor/assets/js/frontend.minc801.js]
[ahlikaca.netlify.app/wp-content/plugins/contact-form-7/images/ajax-loader.68.delayed]
[ahlikaca.netlify.app/wp-content/plugins/contact-form-7/includes/css/styles5597.css]
[ahlikaca.netlify.app/wp-content/plugins/easy-facebook-likebox/public/assets/images/popup_close.69.delayed]
[ahlikaca.netlify.app/wp-content/plugins/easy-facebook-likebox/public/assets/css/public8f76.css]
[ahlikaca.netlify.app/wp-content/plugins/easy-facebook-likebox/public/assets/fonts/fontawesome-webfont.6ae0a5.delayed]
[ahlikaca.netlify.app/wp-content/plugins/easy-facebook-likebox/public/assets/fonts/fontawesome-webfont.6bd41d.delayed]
[ahlikaca.netlify.app/wp-content/plugins/easy-facebook-likebox/public/assets/fonts/fontawesome-webfont.6ce0a5.delayed]
[ahlikaca.netlify.app/wp-content/plugins/easy-facebook-likebox/public/assets/fonts/fontawesome-webfont.6de0a5.delayed]
[ahlikaca.netlify.app/wp-content/plugins/easy-facebook-likebox/public/assets/fonts/fontawesome-webfont.6ee0a5.delayed]
[ahlikaca.netlify.app/wp-content/plugins/easy-facebook-likebox/public/assets/fonts/fontawesome-webfont.6fe0a5.delayed]
[ahlikaca.netlify.app/wp-content/plugins/easy-facebook-likebox/public/assets/css/font-awesome8f76.css]
[ahlikaca.netlify.app/wp-content/plugins/easy-facebook-likebox/public/assets/css/animate8f76.css]
[ahlikaca.netlify.app/wp-content/plugins/easy-facebook-likebox/public/assets/popup/magnific-popup8f76.css]
[ahlikaca.netlify.app/wp-content/plugins/page-generator-pro/assets/css/frontendcbf4.css]
[ahlikaca.netlify.app/wp-content/themes/krystal/stylecbf4.css]
[ahlikaca.netlify.app/wp-content/themes/krystal/fonts/glyphicons-halflings-regular.eot]
[ahlikaca.netlify.app/wp-content/themes/krystal/fonts/glyphicons-halflings-regulard41d.eot]
[ahlikaca.netlify.app/wp-content/themes/krystal/fonts/glyphicons-halflings-regular.woff2]
[ahlikaca.netlify.app/wp-content/themes/krystal/fonts/glyphicons-halflings-regular.woff]
[ahlikaca.netlify.app/wp-content/themes/krystal/fonts/glyphicons-halflings-regular.ttf]
[ahlikaca.netlify.app/wp-content/themes/krystal/css/bootstrap7433.css]
[ahlikaca.netlify.app/wp-content/themes/krystal/fonts/glyphicons-halflings-regular.svg]
[ahlikaca.netlify.app/wp-content/themes/krystal/fonts/fontawesome-webfont5b62.eot]
[ahlikaca.netlify.app/wp-content/themes/krystal/fonts/fontawesome-webfontd41d.eot]
[ahlikaca.netlify.app/wp-content/themes/krystal/fonts/fontawesome-webfont5b62.woff2]
[ahlikaca.netlify.app/wp-content/themes/krystal/fonts/fontawesome-webfont5b62.woff]
[ahlikaca.netlify.app/wp-content/themes/krystal/fonts/fontawesome-webfont5b62.ttf]
[ahlikaca.netlify.app/wp-content/themes/krystal/css/font-awesome4698.css]
[ahlikaca.netlify.app/wp-content/themes/krystal/css/magnific-popupf488.css]
[ahlikaca.netlify.app/wp-content/themes/krystal/css/animate5152.css]
[ahlikaca.netlify.app/wp-content/themes/krystal/fonts/fontawesome-webfont5b62.svg]
[ahlikaca.netlify.app/wp-content/themes/krystal/css/mCSB_buttons.7c.delayed]
[ahlikaca.netlify.app/wp-content/themes/krystal/css/jquery.mCustomScrollbar5152.css]
[ahlikaca.netlify.app/wp-content/themes/krystal/img/bquote.png]
[ahlikaca.netlify.app/wp-content/themes/krystal/img/loader.gif]
[ahlikaca.netlify.app/wp-content/themes/krystal/css/krystal-style97de.css]
[ahlikaca.netlify.app/wp-content/themes/krystal/css/krystal-style-responsive97de.css]
[ahlikaca.netlify.app/wp-content/plugins/elementor/assets/lib/eicons/fonts/eicons.7f272f.delayed]
[ahlikaca.netlify.app/wp-content/plugins/elementor/assets/lib/eicons/fonts/eicons.80272f.delayed]
[ahlikaca.netlify.app/wp-content/plugins/elementor/assets/lib/eicons/fonts/eicons.81272f.delayed]
[ahlikaca.netlify.app/wp-content/plugins/elementor/assets/lib/eicons/fonts/eicons.82272f.delayed]
[ahlikaca.netlify.app/wp-content/plugins/elementor/assets/lib/eicons/fonts/eicons.83272f.delayed]
[ahlikaca.netlify.app/wp-content/plugins/elementor/assets/lib/eicons/css/elementor-icons.minc801.css]
[ahlikaca.netlify.app/wp-content/plugins/elementor/assets/lib/font-awesome/fonts/fontawesome-webfont.843e6e.delayed]
[ahlikaca.netlify.app/wp-content/plugins/elementor/assets/lib/font-awesome/fonts/fontawesome-webfont.85d41d.delayed]
[ahlikaca.netlify.app/wp-content/plugins/elementor/assets/lib/font-awesome/fonts/fontawesome-webfont.863e6e.delayed]
[ahlikaca.netlify.app/wp-content/plugins/elementor/assets/lib/font-awesome/fonts/fontawesome-webfont.873e6e.delayed]
[ahlikaca.netlify.app/wp-content/plugins/elementor/assets/lib/font-awesome/fonts/fontawesome-webfont.883e6e.delayed]
[ahlikaca.netlify.app/wp-content/plugins/elementor/assets/lib/font-awesome/fonts/fontawesome-webfont.893e6e.delayed]
[ahlikaca.netlify.app/wp-content/plugins/elementor/assets/lib/font-awesome/css/font-awesome.min1849.css]
[ahlikaca.netlify.app/wp-content/plugins/elementor/assets/css/animations.minc801.css]
[ahlikaca.netlify.app/wp-content/plugins/elementor/assets/images/ajax-loader.8a.delayed]
[ahlikaca.netlify.app/wp-content/plugins/elementor/assets/css/frontend.minc801.css]
[ahlikaca.netlify.app/wp-content/uploads/elementor/css/globalac86.css]
[ahlikaca.netlify.app/wp-content/uploads/2018/02/kaca_film.8c.delayed]
[ahlikaca.netlify.app/wp-content/uploads/elementor/css/post-98ce7b.css]
[ahlikaca.netlify.app/wp-content/plugins/contact-form-7/images/ajax-loader.html]
[ahlikaca.netlify.app/wp-content/plugins/easy-facebook-likebox/public/assets/images/popup_close.html]
[ahlikaca.netlify.app/wp-content/plugins/easy-facebook-likebox/public/assets/fonts/fontawesome-webfonte0a5.html]
[ahlikaca.netlify.app/wp-content/plugins/easy-facebook-likebox/public/assets/fonts/fontawesome-webfontd41d.html]
[ahlikaca.netlify.app/wp-content/plugins/easy-facebook-likebox/public/assets/fonts/fontawesome-webfonte0a5-2.html]
[ahlikaca.netlify.app/wp-content/plugins/easy-facebook-likebox/public/assets/fonts/fontawesome-webfonte0a5-3.html]
[ahlikaca.netlify.app/wp-content/plugins/easy-facebook-likebox/public/assets/fonts/fontawesome-webfonte0a5-4.html]
[ahlikaca.netlify.app/wp-content/plugins/easy-facebook-likebox/public/assets/fonts/fontawesome-webfonte0a5-5.html]
[ahlikaca.netlify.app/wp-content/themes/krystal/fonts/glyphicons-halflings-regular.svg]
[ahlikaca.netlify.app/wp-content/themes/krystal/fonts/fontawesome-webfont5b62.svg]
[ahlikaca.netlify.app/wp-content/themes/krystal/css/mCSB_buttons.html]
[ahlikaca.netlify.app/wp-content/plugins/elementor/assets/lib/eicons/fonts/eicons272f.html]
[ahlikaca.netlify.app/wp-content/plugins/elementor/assets/lib/eicons/fonts/eicons272f-2.html]
[ahlikaca.netlify.app/wp-content/plugins/elementor/assets/lib/eicons/fonts/eicons272f-3.html]
[ahlikaca.netlify.app/wp-content/plugins/elementor/assets/lib/eicons/fonts/eicons272f-4.html]
[ahlikaca.netlify.app/wp-content/plugins/elementor/assets/lib/eicons/fonts/eicons272f-5.html]
[ahlikaca.netlify.app/wp-content/plugins/elementor/assets/lib/font-awesome/fonts/fontawesome-webfont3e6e.html]
[ahlikaca.netlify.app/wp-content/plugins/elementor/assets/lib/font-awesome/fonts/fontawesome-webfontd41d.html]
[ahlikaca.netlify.app/wp-content/plugins/elementor/assets/lib/font-awesome/fonts/fontawesome-webfont3e6e-2.html]
[ahlikaca.netlify.app/wp-content/plugins/elementor/assets/lib/font-awesome/fonts/fontawesome-webfont3e6e-3.html]
[ahlikaca.netlify.app/wp-content/plugins/elementor/assets/lib/font-awesome/fonts/fontawesome-webfont3e6e-4.html]
[ahlikaca.netlify.app/wp-content/plugins/elementor/assets/lib/font-awesome/fonts/fontawesome-webfont3e6e-5.html]
[ahlikaca.netlify.app/wp-content/plugins/elementor/assets/images/ajax-loader.html]
[ahlikaca.netlify.app/wp-content/uploads/2018/02/kaca_film.html]
